
> qa-dashboard@1.0.0 build
> next build

▲ Next.js 16.3.6 (Turbopack)
✓ Running next.config.ts took 76ms

  Creating an optimized production build ...
✓ Compiled successfully in 1571ms
  Running TypeScript ...
  Finished TypeScript in 477ms ...
  Collecting page data using 4 workers ...
  Generating static pages using 4 workers (0/4) ...
  Generating static pages using 4 workers (1/4) 
  Generating static pages using 4 workers (2/4) 
  Generating static pages using 4 workers (3/4) 
✓ Generating static pages using 4 workers (4/4) in 138ms
  Finalizing page optimization ...

Route (app)
┌ ○ /
├ ○ /_not-found
├ ƒ /api/graphql
├ ƒ /api/health
└ ○ /preflight


○  (Static)   prerendered as static content
ƒ  (Dynamic)  server-rendered on demand

npm notice
npm notice New major version of npm available! 11.9.0 -> 12.2.0
npm notice Changelog: https://github.com/npm/cli/releases/tag/v12.2.0
npm notice To update run: npm install -g npm@12.2.0
npm notice
